c:\users\linus\onedrive\skrivebord\skripting\project\application\lualib\lib\lualib_d.pdb
c:\users\linus\onedrive\skrivebord\skripting\project\application\lualib\lib\lualib_d.idb
c:\users\linus\onedrive\skrivebord\skripting\project\application\lualib\int\lopcodes.obj
c:\users\linus\onedrive\skrivebord\skripting\project\application\lualib\int\lobject.obj
c:\users\linus\onedrive\skrivebord\skripting\project\application\lualib\int\loadlib.obj
c:\users\linus\onedrive\skrivebord\skripting\project\application\lualib\int\lmem.obj
c:\users\linus\onedrive\skrivebord\skripting\project\application\lualib\int\lmathlib.obj
c:\users\linus\onedrive\skrivebord\skripting\project\application\lualib\int\llex.obj
c:\users\linus\onedrive\skrivebord\skripting\project\application\lualib\int\liolib.obj
c:\users\linus\onedrive\skrivebord\skripting\project\application\lualib\int\linit.obj
c:\users\linus\onedrive\skrivebord\skripting\project\application\lualib\int\lgc.obj
c:\users\linus\onedrive\skrivebord\skripting\project\application\lualib\int\lfunc.obj
c:\users\linus\onedrive\skrivebord\skripting\project\application\lualib\int\ldump.obj
c:\users\linus\onedrive\skrivebord\skripting\project\application\lualib\int\ldo.obj
c:\users\linus\onedrive\skrivebord\skripting\project\application\lualib\int\ldebug.obj
c:\users\linus\onedrive\skrivebord\skripting\project\application\lualib\int\ldblib.obj
c:\users\linus\onedrive\skrivebord\skripting\project\application\lualib\int\lctype.obj
c:\users\linus\onedrive\skrivebord\skripting\project\application\lualib\int\lcorolib.obj
c:\users\linus\onedrive\skrivebord\skripting\project\application\lualib\int\lcode.obj
c:\users\linus\onedrive\skrivebord\skripting\project\application\lualib\int\lbaselib.obj
c:\users\linus\onedrive\skrivebord\skripting\project\application\lualib\int\lauxlib.obj
c:\users\linus\onedrive\skrivebord\skripting\project\application\lualib\int\lapi.obj
c:\users\linus\onedrive\skrivebord\skripting\project\application\lualib\int\lzio.obj
c:\users\linus\onedrive\skrivebord\skripting\project\application\lualib\int\lvm.obj
c:\users\linus\onedrive\skrivebord\skripting\project\application\lualib\int\lutf8lib.obj
c:\users\linus\onedrive\skrivebord\skripting\project\application\lualib\int\lundump.obj
c:\users\linus\onedrive\skrivebord\skripting\project\application\lualib\int\luac.obj
c:\users\linus\onedrive\skrivebord\skripting\project\application\lualib\int\lua.obj
c:\users\linus\onedrive\skrivebord\skripting\project\application\lualib\int\ltm.obj
c:\users\linus\onedrive\skrivebord\skripting\project\application\lualib\int\ltablib.obj
c:\users\linus\onedrive\skrivebord\skripting\project\application\lualib\int\ltable.obj
c:\users\linus\onedrive\skrivebord\skripting\project\application\lualib\int\lstrlib.obj
c:\users\linus\onedrive\skrivebord\skripting\project\application\lualib\int\lstring.obj
c:\users\linus\onedrive\skrivebord\skripting\project\application\lualib\int\lstate.obj
c:\users\linus\onedrive\skrivebord\skripting\project\application\lualib\int\lparser.obj
c:\users\linus\onedrive\skrivebord\skripting\project\application\lualib\int\loslib.obj
c:\users\linus\onedrive\skrivebord\skripting\project\application\lualib\lib\lualib_d.lib
c:\users\linus\onedrive\skrivebord\skripting\project\application\lualib\lib/lualib_d.pdb
c:\users\linus\onedrive\skrivebord\skripting\project\application\lualib\int/lualib.vcxproj.filelistabsolute.txt
c:\users\linus\onedrive\skrivebord\skripting\project\application\lualib\int\lualib.tlog\cl.command.1.tlog
c:\users\linus\onedrive\skrivebord\skripting\project\application\lualib\int\lualib.tlog\cl.items.tlog
c:\users\linus\onedrive\skrivebord\skripting\project\application\lualib\int\lualib.tlog\cl.read.1.tlog
c:\users\linus\onedrive\skrivebord\skripting\project\application\lualib\int\lualib.tlog\cl.write.1.tlog
c:\users\linus\onedrive\skrivebord\skripting\project\application\lualib\int\lualib.tlog\lib-link.read.1.tlog
c:\users\linus\onedrive\skrivebord\skripting\project\application\lualib\int\lualib.tlog\lib-link.write.1.tlog
c:\users\linus\onedrive\skrivebord\skripting\project\application\lualib\int\lualib.tlog\lib.command.1.tlog
